// Jest Snapshot v1, https://goo.gl/fbAQLP

exports[`HomeContainer renders a default view 1`] = `
Array [
  <h1
    class="ant-typography home-page-title"
  >
    Welcome to Digital Terrain
  </h1>,
  <div
    class="ant-space ant-space-vertical"
  >
    <div
      class="ant-space-item"
      style="margin-bottom:8px"
    >
      <span
        class="ant-typography home-page-subtitle"
      >
        Digital Terrain is a SMP server inspired by Hermitcraft. The server is based on a great community, trust, and fun. We aspire to have a playerbase of all play styles that work together in harmony to build great things and have an awesome time. The server is owned by
        <button
          class="home-page-link-button"
          id="pandaLink"
          type="button"
        >
          Panda_Brah
        </button>
        and
        <button
          class="home-page-link-button"
          id="dmLink"
          type="button"
        >
          DMDF_
        </button>
        . Alongside them we have a team of mods who help make sure everything is running smoothly.
      </span>
    </div>
    <div
      class="ant-space-item"
    >
      <span
        class="ant-typography home-page-subtitle"
      >
        Be sure to checkout our
        <button
          class="home-page-link-button"
          id="galleryLink"
          type="button"
        >
          gallery
        </button>
        and
        <button
          class="home-page-link-button"
          id="mapLink"
          type="button"
        >
          map
        </button>
        to get a feel for the server; hopefully you&aposll find it&aposs a good place for you! If you decide to, you can
        <button
          class="home-page-link-button"
          id="applyLink"
          type="button"
        >
          apply here
        </button>
        to be a part of our server. Hope to play with you soon!
      </span>
    </div>
  </div>,
  <div
    class="ant-carousel"
  >
    <div
      class="slick-slider home-page-carousel slick-initialized"
      dir="ltr"
    >
      <div
        class="slick-list"
      >
        <div
          class="slick-track"
          style="width:1100%;left:-100%"
        >
          <div
            aria-hidden="true"
            class="slick-slide slick-cloned"
            data-index="-1"
            style="width:9.090909090909092%"
            tabindex="-1"
          >
            <div>
              <img
                alt=""
                src="test-file-stub"
                style="width:100%;display:inline-block"
                tabindex="-1"
              />
            </div>
          </div>
          <div
            aria-hidden="false"
            class="slick-slide slick-active slick-current"
            data-index="0"
            style="outline:none;width:9.090909090909092%"
            tabindex="-1"
          >
            <div>
              <img
                alt=""
                src="test-file-stub"
                style="width:100%;display:inline-block"
                tabindex="-1"
              />
            </div>
          </div>
          <div
            aria-hidden="true"
            class="slick-slide"
            data-index="1"
            style="outline:none;width:9.090909090909092%"
            tabindex="-1"
          >
            <div>
              <img
                alt=""
                src="test-file-stub"
                style="width:100%;display:inline-block"
                tabindex="-1"
              />
            </div>
          </div>
          <div
            aria-hidden="true"
            class="slick-slide"
            data-index="2"
            style="outline:none;width:9.090909090909092%"
            tabindex="-1"
          >
            <div>
              <img
                alt=""
                src="test-file-stub"
                style="width:100%;display:inline-block"
                tabindex="-1"
              />
            </div>
          </div>
          <div
            aria-hidden="true"
            class="slick-slide"
            data-index="3"
            style="outline:none;width:9.090909090909092%"
            tabindex="-1"
          >
            <div>
              <img
                alt=""
                src="test-file-stub"
                style="width:100%;display:inline-block"
                tabindex="-1"
              />
            </div>
          </div>
          <div
            aria-hidden="true"
            class="slick-slide"
            data-index="4"
            style="outline:none;width:9.090909090909092%"
            tabindex="-1"
          >
            <div>
              <img
                alt=""
                src="test-file-stub"
                style="width:100%;display:inline-block"
                tabindex="-1"
              />
            </div>
          </div>
          <div
            aria-hidden="true"
            class="slick-slide slick-cloned"
            data-index="5"
            style="width:9.090909090909092%"
            tabindex="-1"
          >
            <div>
              <img
                alt=""
                src="test-file-stub"
                style="width:100%;display:inline-block"
                tabindex="-1"
              />
            </div>
          </div>
          <div
            aria-hidden="true"
            class="slick-slide slick-cloned"
            data-index="6"
            style="width:9.090909090909092%"
            tabindex="-1"
          >
            <div>
              <img
                alt=""
                src="test-file-stub"
                style="width:100%;display:inline-block"
                tabindex="-1"
              />
            </div>
          </div>
          <div
            aria-hidden="true"
            class="slick-slide slick-cloned"
            data-index="7"
            style="width:9.090909090909092%"
            tabindex="-1"
          >
            <div>
              <img
                alt=""
                src="test-file-stub"
                style="width:100%;display:inline-block"
                tabindex="-1"
              />
            </div>
          </div>
          <div
            aria-hidden="true"
            class="slick-slide slick-cloned"
            data-index="8"
            style="width:9.090909090909092%"
            tabindex="-1"
          >
            <div>
              <img
                alt=""
                src="test-file-stub"
                style="width:100%;display:inline-block"
                tabindex="-1"
              />
            </div>
          </div>
          <div
            aria-hidden="true"
            class="slick-slide slick-cloned"
            data-index="9"
            style="width:9.090909090909092%"
            tabindex="-1"
          >
            <div>
              <img
                alt=""
                src="test-file-stub"
                style="width:100%;display:inline-block"
                tabindex="-1"
              />
            </div>
          </div>
        </div>
      </div>
      <ul
        class="slick-dots slick-dots-bottom"
        style="display:block"
      >
        <li
          class="slick-active"
        >
          <button>
            1
          </button>
        </li>
        <li
          class=""
        >
          <button>
            2
          </button>
        </li>
        <li
          class=""
        >
          <button>
            3
          </button>
        </li>
        <li
          class=""
        >
          <button>
            4
          </button>
        </li>
        <li
          class=""
        >
          <button>
            5
          </button>
        </li>
      </ul>
    </div>
  </div>,
]
`;
