// Jest Snapshot v1, https://goo.gl/fbAQLP

exports[`AboutUsContainer renders a default view 1`] = `
<div
  class="loading-screen-container"
>
  <div
    class="sk-chase loading-screen-element"
  >
    <div
      class="sk-chase-dot"
    />
    <div
      class="sk-chase-dot"
    />
    <div
      class="sk-chase-dot"
    />
    <div
      class="sk-chase-dot"
    />
    <div
      class="sk-chase-dot"
    />
    <div
      class="sk-chase-dot"
    />
  </div>
</div>
`;
