// Jest Snapshot v1, https://goo.gl/fbAQLP

exports[`MapView renders a default view 1`] = `
<div>
  <iframe
    class="map-iframe"
    src="http://147.135.107.178:4492/index.html"
    title="Digital Terrain Dynmap"
  >
    &lt;p&gt;Your browser does not support this type of content.&lt;/p&gt;
  </iframe>
</div>
`;
